classlib
console
editorconfig
gitignore
globaljson
nugetconfig
sln
tool-manifest
webconfig
install
list
search
uninstall
update
--help
-?
-h
/?
/h