Description:
  Installs a template package.

Usage:
  new3 install <package>... [options]

Arguments:
  <package>  NuGet package ID or path to folder or NuGet package to install. 
             To install the NuGet package of certain version, use <package ID>::<version>.

Options:
  --interactive                                Allows the command to stop and wait for user input or action (for example to complete authentication).
  --add-source, --nuget-source <nuget-source>  Specifies a NuGet source to use during install.
  -?, -h, --help                               Show help and usage information