No templates found matching: 'console', language='D#'.

To list installed templates, run:
   dotnet new3 --list
To search for the templates on NuGet.org, run:
   dotnet new3 console --search