No templates found matching: 'webapp'.

To list installed templates, run:
   dotnet new3 --list
To search for the templates on NuGet.org, run:
   dotnet new3 webapp --search