No templates found matching: 'Console App'.

To list installed templates, run:
   dotnet-new3 new3 list
To search for the templates on NuGet.org, run:
   dotnet-new3 new3 search 'Console App'