Console App (C#)
Author: Microsoft
Description: A project for creating a command-line application that can run on .NET Core on Windows, Linux and macOS
Options:                                                                            
  --langVersion  Sets the LangVersion property in the created project file          
                 text - Optional                                                    

  --no-restore   If specified, skips the automatic restore of the project on create.
                 bool - Optional                                                    
                 Default: false                                                     


To see help for other template languages (F#, VB), use --language option:
   dotnet new3 console -h --language F#