Current configuration:
 
Mount Point Factories                 Type                                                                        Assembly                                                                                            
------------------------------------  --------------------------------------------------------------------------  ----------------------------------------------------------------------------------------------------
94e92610-cf4c-4f6d-aeb6-9e42dde1899d  Microsoft.TemplateEngine.Edge.Mount.Archive.ZipFileMountPointFactory        Microsoft.TemplateEngine.Edge, Version=<version>, Culture=neutral, PublicKeyToken=<token>
8c19221b-dea3-4250-86fe-2d4e189a11d2  Microsoft.TemplateEngine.Edge.Mount.FileSystem.FileSystemMountPointFactory  Microsoft.TemplateEngine.Edge, Version=<version>, Culture=neutral, PublicKeyToken=<token>


Generators                            Type                                                                             Assembly                                                                                                                     
------------------------------------  -------------------------------------------------------------------------------  -----------------------------------------------------------------------------------------------------------------------------
0c434df7-e2cb-4dee-b216-d7c58c8eb4b3  Microsoft.TemplateEngine.Orchestrator.RunnableProjects.RunnableProjectGenerator  Microsoft.TemplateEngine.Orchestrator.RunnableProjects, Version=<version>, Culture=neutral, PublicKeyToken=<token>


The 'dotnet new3' command creates a .NET project based on a template.

Common templates are:
Template Name  Short Name  Language    Tags          
-------------  ----------  ----------  --------------
Class Library  classlib    [C#],F#,VB  Common/Library
Console App    console     [C#],F#,VB  Common/Console

An example would be:
   dotnet new3 console

Display template options with:
   dotnet new3 console -h
Display all installed templates with:
   dotnet new3 --list
Display templates available on NuGet.org with:
   dotnet new3 web --search