Creating this template will make changes to existing files:
  Overwrite   ./%FILENAME%
  Overwrite   ./%FILENAME%

Rerun the command and pass --force to accept and create.