Unable to resolve the template, the following installed templates are conflicting:
Identity           Template Name  Short Name  Language  Author      Package
%delimiter%
TestAssets.Group1  Basic FSharp   basic       F#        Test Asset  BasicFSharp
TestAssets.Group2  Basic VB       basic       VB        Test Asset  BasicVB    

Uninstall the template packages containing the templates to keep only one template from the list or add the template options which differentiate the template to run.