Error: Invalid option(s):
--langVersion 
   '' is not a valid value for --langVersion.